// Jest Snapshot v1, https://goo.gl/fbAQLP

exports[`SignIn should match snapshot 1`] = `
<ContextConsumer>
  <Component />
</ContextConsumer>
`;
