// Jest Snapshot v1, https://goo.gl/fbAQLP

exports[`App should match snapshot 1`] = `
<div
  className="App"
>
  <header>
    <Connect(Nav) />
    <h1>
      THE FAVORITES
    </h1>
    <Route
      component={[Function]}
      exact={true}
      path="/login"
    />
    <Route
      component={[Function]}
      exact={true}
      path="/signup"
    />
  </header>
  <p
    className="message"
  />
  <Route
    component={[Function]}
    exact={true}
    path="/favorites"
  />
  <Route
    exact={true}
    path="/"
    render={[Function]}
  />
  <Route
    path="/details/:id"
    render={[Function]}
  />
</div>
`;

exports[`App should match snapshot when there is a selected movie 1`] = `
<div
  className="App"
>
  <header>
    <Connect(Nav) />
    <h1>
      THE FAVORITES
    </h1>
    <Route
      component={[Function]}
      exact={true}
      path="/login"
    />
    <Route
      component={[Function]}
      exact={true}
      path="/signup"
    />
  </header>
  <p
    className="message"
  />
  <Route
    component={[Function]}
    exact={true}
    path="/favorites"
  />
  <Route
    exact={true}
    path="/"
    render={[Function]}
  />
  <Route
    path="/details/:id"
    render={[Function]}
  />
</div>
`;
