// Jest Snapshot v1, https://goo.gl/fbAQLP

exports[`Nav should match snapshot 1`] = `
<header>
  <div>
    <NavLink
      className="nav"
      to="/login"
    >
      Log In
    </NavLink>
    <NavLink
      className="nav"
      to="/signup"
    >
      Sign Up
    </NavLink>
  </div>
</header>
`;
